I'm sorry, but errors were detected in your script. Please correct the
errors listed below, and try again.


The label main_game is defined twice, at File "game/script.rpy", line 62:
    label main_game:
and File "game/script.rpy", line 205:
    label main_game:


Ren'Py Version: Ren'Py 7.4.11.2266
Sat Jun 18 12:14:13 2022
